// Jest Snapshot v1, https://goo.gl/fbAQLP

exports[`loginButton 1`] = `
<button
  className="solid auth login"
  onClick={[Function]}
>
  Log in
</button>
`;

exports[`main 1`] = `
<div
  className="App"
>
  <div
    className="container"
  />
</div>
`;

exports[`uploadToPod 1`] = `<uploadToPod />`;

exports[`user 1`] = `
<section>
  <div
    className="col-sm"
  >
    <span>
      Estas logueado como: 
      <a
        href={null}
      >
        <span
          className="solid value pending"
        />
      </a>
    </span>
  </div>
</section>
`;
